2026-05-05 13:59:27.834 [main] DEBUG com.fedangon.authjwtapi.security.JwtService [rid= uid=] - Access token generated: userId=d5065c5f-b757-406f-9669-ee92a1b38095 expiresAt=2026-05-05T17:04:27.802969Z expiresInSeconds=300
2026-05-05 14:00:17.798 [main] DEBUG com.fedangon.authjwtapi.security.JwtService [rid= uid=] - Access token generated: userId=c547a120-6502-4122-8b7a-a20136ad88a9 expiresAt=2026-05-05T17:05:17.775482Z expiresInSeconds=300
2026-05-05 14:01:08.454 [main] DEBUG com.fedangon.authjwtapi.security.JwtService [rid= uid=] - Access token generated: userId=71161df7-bcca-4e40-b395-97d081f3cb09 expiresAt=2026-05-05T17:06:08.429930Z expiresInSeconds=300
2026-05-05 14:01:10.480 [restartedMain] INFO  com.fedangon.authjwtapi.AuthJwtApiApplication [rid= uid=] - Starting AuthJwtApiApplication using Java 21.0.10 with PID 13400 (/Users/fedangon/IdeaProjects/auth-jwt-api/target/classes started by fedangon in /Users/fedangon/IdeaProjects/auth-jwt-api)
2026-05-05 14:01:10.482 [restartedMain] DEBUG com.fedangon.authjwtapi.AuthJwtApiApplication [rid= uid=] - Running with Spring Boot v4.0.6, Spring v7.0.7
2026-05-05 14:01:10.482 [restartedMain] INFO  com.fedangon.authjwtapi.AuthJwtApiApplication [rid= uid=] - No active profile set, falling back to 1 default profile: "default"
2026-05-05 14:01:10.497 [restartedMain] INFO  org.springframework.boot.devtools.env.DevToolsPropertyDefaultsPostProcessor [rid= uid=] - Devtools property defaults active! Set 'spring.devtools.add-properties' to 'false' to disable
2026-05-05 14:01:10.497 [restartedMain] INFO  org.springframework.boot.devtools.env.DevToolsPropertyDefaultsPostProcessor [rid= uid=] - For additional web related logging consider setting the 'logging.level.web' property to 'DEBUG'
2026-05-05 14:01:10.747 [restartedMain] INFO  org.springframework.data.repository.config.RepositoryConfigurationDelegate [rid= uid=] - Bootstrapping Spring Data JPA repositories in DEFAULT mode.
2026-05-05 14:01:10.768 [restartedMain] INFO  org.springframework.data.repository.config.RepositoryConfigurationDelegate [rid= uid=] - Finished Spring Data repository scanning in 17 ms. Found 2 JPA repository interfaces.
2026-05-05 14:01:10.975 [restartedMain] INFO  org.springframework.boot.tomcat.TomcatWebServer [rid= uid=] - Tomcat initialized with port 8080 (http)
2026-05-05 14:01:10.980 [restartedMain] INFO  org.apache.coyote.http11.Http11NioProtocol [rid= uid=] - Initializing ProtocolHandler ["http-nio-8080"]
2026-05-05 14:01:10.981 [restartedMain] INFO  org.apache.catalina.core.StandardService [rid= uid=] - Starting service [Tomcat]
2026-05-05 14:01:10.981 [restartedMain] INFO  org.apache.catalina.core.StandardEngine [rid= uid=] - Starting Servlet engine: [Apache Tomcat/11.0.21]
2026-05-05 14:01:10.995 [restartedMain] INFO  org.springframework.boot.web.context.servlet.WebApplicationContextInitializer [rid= uid=] - Root WebApplicationContext: initialization completed in 498 ms
2026-05-05 14:01:11.014 [restartedMain] DEBUG com.fedangon.authjwtapi.security.UserIdMdcFilter [rid= uid=] - Filter 'userIdMdcFilter' configured for use
2026-05-05 14:01:11.014 [restartedMain] DEBUG com.fedangon.authjwtapi.config.RequestCorrelationFilter [rid= uid=] - Filter 'requestCorrelationFilter' configured for use
2026-05-05 14:01:11.110 [restartedMain] INFO  com.zaxxer.hikari.HikariDataSource [rid= uid=] - HikariPool-1 - Starting...
2026-05-05 14:01:11.190 [restartedMain] INFO  com.zaxxer.hikari.pool.HikariPool [rid= uid=] - HikariPool-1 - Added connection org.postgresql.jdbc.PgConnection@7acafa11
2026-05-05 14:01:11.191 [restartedMain] INFO  com.zaxxer.hikari.HikariDataSource [rid= uid=] - HikariPool-1 - Start completed.
2026-05-05 14:01:11.213 [restartedMain] INFO  org.flywaydb.core.FlywayExecutor [rid= uid=] - Database: jdbc:postgresql://localhost:5432/auth_jwt_api (PostgreSQL 16.13)
2026-05-05 14:01:11.250 [restartedMain] INFO  org.flywaydb.core.internal.command.DbValidate [rid= uid=] - Successfully validated 3 migrations (execution time 00:00.013s)
2026-05-05 14:01:11.271 [restartedMain] INFO  org.flywaydb.core.internal.command.DbMigrate [rid= uid=] - Current version of schema "public": 3
2026-05-05 14:01:11.273 [restartedMain] INFO  org.flywaydb.core.internal.command.DbMigrate [rid= uid=] - Schema "public" is up to date. No migration necessary.
2026-05-05 14:01:11.475 [restartedMain] INFO  org.springframework.orm.jpa.persistenceunit.SpringPersistenceUnitInfo [rid= uid=] - No LoadTimeWeaver setup: ignoring JPA class transformer
2026-05-05 14:01:11.836 [restartedMain] INFO  org.springframework.orm.jpa.LocalContainerEntityManagerFactoryBean [rid= uid=] - Initialized JPA EntityManagerFactory for persistence unit 'default'
2026-05-05 14:01:11.862 [restartedMain] INFO  org.springframework.data.jpa.repository.query.QueryEnhancerFactories [rid= uid=] - Hibernate is in classpath; If applicable, HQL parser will be used.
2026-05-05 14:01:12.026 [restartedMain] INFO  org.springframework.security.config.annotation.authentication.configuration.InitializeUserDetailsBeanManagerConfigurer$InitializeUserDetailsManagerConfigurer [rid= uid=] - Global AuthenticationManager configured with UserDetailsService bean with name userPrincipalService
2026-05-05 14:01:12.194 [restartedMain] INFO  org.apache.coyote.http11.Http11NioProtocol [rid= uid=] - Starting ProtocolHandler ["http-nio-8080"]
2026-05-05 14:01:12.201 [restartedMain] INFO  org.springframework.boot.tomcat.TomcatWebServer [rid= uid=] - Tomcat started on port 8080 (http) with context path '/'
2026-05-05 14:01:12.204 [restartedMain] INFO  com.fedangon.authjwtapi.AuthJwtApiApplication [rid= uid=] - Started AuthJwtApiApplication in 1.843 seconds (process running for 2.112)
2026-05-05 14:02:06.203 [SpringApplicationShutdownHook] INFO  org.springframework.boot.tomcat.GracefulShutdown [rid= uid=] - Commencing graceful shutdown. Waiting for active requests to complete
2026-05-05 14:02:06.206 [tomcat-shutdown] INFO  org.springframework.boot.tomcat.GracefulShutdown [rid= uid=] - Graceful shutdown complete
2026-05-05 14:02:06.208 [SpringApplicationShutdownHook] INFO  org.springframework.orm.jpa.LocalContainerEntityManagerFactoryBean [rid= uid=] - Closing JPA EntityManagerFactory for persistence unit 'default'
2026-05-05 14:02:06.210 [SpringApplicationShutdownHook] INFO  com.zaxxer.hikari.HikariDataSource [rid= uid=] - HikariPool-1 - Shutdown initiated...
2026-05-05 14:02:06.211 [SpringApplicationShutdownHook] INFO  com.zaxxer.hikari.HikariDataSource [rid= uid=] - HikariPool-1 - Shutdown completed.
2026-05-05 14:03:02.940 [main] DEBUG com.fedangon.authjwtapi.security.JwtService [rid= uid=] - Access token gerado: userId=27057d05-82d8-4c79-bda7-fb6f6d05340a expiresAt=2026-05-05T17:08:02.911561Z expiresInSeconds=300
2026-05-05 14:03:30.039 [main] DEBUG com.fedangon.authjwtapi.security.JwtService [rid= uid=] - Access token gerado: userId=0809521f-bfe9-4d69-9bcc-3e7ce012df72 expiresAt=2026-05-05T17:08:30.016524Z expiresInSeconds=300
2026-05-05 14:04:00.853 [main] DEBUG com.fedangon.authjwtapi.security.JwtService [rid= uid=] - Access token gerado: userId=cf0217bf-737f-49ba-82b6-46c7f83ca9f5 expiresAt=2026-05-05T17:09:00.831647Z expiresInSeconds=300
2026-05-05 14:04:02.433 [restartedMain] INFO  com.fedangon.authjwtapi.AuthJwtApiApplication [rid= uid=] - Starting AuthJwtApiApplication using Java 21.0.10 with PID 14252 (/Users/fedangon/IdeaProjects/auth-jwt-api/target/classes started by fedangon in /Users/fedangon/IdeaProjects/auth-jwt-api)
2026-05-05 14:04:02.436 [restartedMain] DEBUG com.fedangon.authjwtapi.AuthJwtApiApplication [rid= uid=] - Running with Spring Boot v4.0.6, Spring v7.0.7
2026-05-05 14:04:02.436 [restartedMain] INFO  com.fedangon.authjwtapi.AuthJwtApiApplication [rid= uid=] - No active profile set, falling back to 1 default profile: "default"
2026-05-05 14:04:02.451 [restartedMain] INFO  org.springframework.boot.devtools.env.DevToolsPropertyDefaultsPostProcessor [rid= uid=] - Devtools property defaults active! Set 'spring.devtools.add-properties' to 'false' to disable
2026-05-05 14:04:02.451 [restartedMain] INFO  org.springframework.boot.devtools.env.DevToolsPropertyDefaultsPostProcessor [rid= uid=] - For additional web related logging consider setting the 'logging.level.web' property to 'DEBUG'
2026-05-05 14:04:02.673 [restartedMain] INFO  org.springframework.data.repository.config.RepositoryConfigurationDelegate [rid= uid=] - Bootstrapping Spring Data JPA repositories in DEFAULT mode.
2026-05-05 14:04:02.693 [restartedMain] INFO  org.springframework.data.repository.config.RepositoryConfigurationDelegate [rid= uid=] - Finished Spring Data repository scanning in 17 ms. Found 2 JPA repository interfaces.
2026-05-05 14:04:02.911 [restartedMain] INFO  org.springframework.boot.tomcat.TomcatWebServer [rid= uid=] - Tomcat initialized with port 8080 (http)
2026-05-05 14:04:02.916 [restartedMain] INFO  org.apache.coyote.http11.Http11NioProtocol [rid= uid=] - Initializing ProtocolHandler ["http-nio-8080"]
2026-05-05 14:04:02.917 [restartedMain] INFO  org.apache.catalina.core.StandardService [rid= uid=] - Starting service [Tomcat]
2026-05-05 14:04:02.918 [restartedMain] INFO  org.apache.catalina.core.StandardEngine [rid= uid=] - Starting Servlet engine: [Apache Tomcat/11.0.21]
2026-05-05 14:04:02.933 [restartedMain] INFO  org.springframework.boot.web.context.servlet.WebApplicationContextInitializer [rid= uid=] - Root WebApplicationContext: initialization completed in 480 ms
2026-05-05 14:04:02.950 [restartedMain] DEBUG com.fedangon.authjwtapi.security.UserIdMdcFilter [rid= uid=] - Filter 'userIdMdcFilter' configured for use
2026-05-05 14:04:02.950 [restartedMain] DEBUG com.fedangon.authjwtapi.config.RequestCorrelationFilter [rid= uid=] - Filter 'requestCorrelationFilter' configured for use
2026-05-05 14:04:03.073 [restartedMain] INFO  com.zaxxer.hikari.HikariDataSource [rid= uid=] - HikariPool-1 - Starting...
2026-05-05 14:04:03.150 [restartedMain] INFO  com.zaxxer.hikari.pool.HikariPool [rid= uid=] - HikariPool-1 - Added connection org.postgresql.jdbc.PgConnection@1e93f2dd
2026-05-05 14:04:03.150 [restartedMain] INFO  com.zaxxer.hikari.HikariDataSource [rid= uid=] - HikariPool-1 - Start completed.
2026-05-05 14:04:03.162 [restartedMain] INFO  org.flywaydb.core.FlywayExecutor [rid= uid=] - Database: jdbc:postgresql://localhost:5432/auth_jwt_api (PostgreSQL 16.13)
2026-05-05 14:04:03.194 [restartedMain] INFO  org.flywaydb.core.internal.command.DbValidate [rid= uid=] - Successfully validated 3 migrations (execution time 00:00.016s)
2026-05-05 14:04:03.216 [restartedMain] INFO  org.flywaydb.core.internal.command.DbMigrate [rid= uid=] - Current version of schema "public": 3
2026-05-05 14:04:03.218 [restartedMain] INFO  org.flywaydb.core.internal.command.DbMigrate [rid= uid=] - Schema "public" is up to date. No migration necessary.
2026-05-05 14:04:03.441 [restartedMain] INFO  org.springframework.orm.jpa.persistenceunit.SpringPersistenceUnitInfo [rid= uid=] - No LoadTimeWeaver setup: ignoring JPA class transformer
2026-05-05 14:04:03.775 [restartedMain] INFO  org.springframework.orm.jpa.LocalContainerEntityManagerFactoryBean [rid= uid=] - Initialized JPA EntityManagerFactory for persistence unit 'default'
2026-05-05 14:04:03.799 [restartedMain] INFO  org.springframework.data.jpa.repository.query.QueryEnhancerFactories [rid= uid=] - Hibernate is in classpath; If applicable, HQL parser will be used.
2026-05-05 14:04:03.928 [restartedMain] INFO  org.springframework.security.config.annotation.authentication.configuration.InitializeUserDetailsBeanManagerConfigurer$InitializeUserDetailsManagerConfigurer [rid= uid=] - Global AuthenticationManager configured with UserDetailsService bean with name userPrincipalService
2026-05-05 14:04:04.090 [restartedMain] INFO  org.apache.coyote.http11.Http11NioProtocol [rid= uid=] - Starting ProtocolHandler ["http-nio-8080"]
2026-05-05 14:04:04.097 [restartedMain] INFO  org.springframework.boot.tomcat.TomcatWebServer [rid= uid=] - Tomcat started on port 8080 (http) with context path '/'
2026-05-05 14:04:04.101 [restartedMain] INFO  com.fedangon.authjwtapi.AuthJwtApiApplication [rid= uid=] - Started AuthJwtApiApplication in 1.782 seconds (process running for 2.056)
2026-05-05 14:05:46.954 [http-nio-8080-exec-1] INFO  org.apache.catalina.core.ContainerBase.[Tomcat].[localhost].[/] [rid= uid=] - Initializing Spring DispatcherServlet 'dispatcherServlet'
2026-05-05 14:05:46.955 [http-nio-8080-exec-1] INFO  org.springframework.web.servlet.DispatcherServlet [rid= uid=] - Initializing Servlet 'dispatcherServlet'
2026-05-05 14:05:46.957 [http-nio-8080-exec-1] INFO  org.springframework.web.servlet.DispatcherServlet [rid= uid=] - Completed initialization in 2 ms
2026-05-05 14:05:47.009 [http-nio-8080-exec-1] INFO  com.fedangon.authjwtapi.controller.AuthController [rid=31c508f9-e7a8-4326-9afd-1f9f6c74a988 uid=] - Requisicao de cadastro recebida: email=teste@teste.com
2026-05-05 14:05:47.012 [http-nio-8080-exec-1] INFO  com.fedangon.authjwtapi.service.AuthService [rid=31c508f9-e7a8-4326-9afd-1f9f6c74a988 uid=] - Iniciando cadastro de usuario: email=teste@teste.com
2026-05-05 14:05:47.230 [http-nio-8080-exec-1] WARN  com.fedangon.authjwtapi.service.UserService [rid=31c508f9-e7a8-4326-9afd-1f9f6c74a988 uid=] - Cadastro rejeitado: email ja esta em uso: email=teste@teste.com
2026-05-05 14:05:47.233 [http-nio-8080-exec-1] INFO  com.fedangon.authjwtapi.exception.GlobalExceptionHandler [rid=31c508f9-e7a8-4326-9afd-1f9f6c74a988 uid=] - Erro da API: status=409 code=email_already_in_use message=Email is already in use.
2026-05-05 14:05:47.245 [http-nio-8080-exec-1] WARN  org.springframework.web.servlet.mvc.method.annotation.ExceptionHandlerExceptionResolver [rid=31c508f9-e7a8-4326-9afd-1f9f6c74a988 uid=] - Resolved [com.fedangon.authjwtapi.exception.ConflictException: Email is already in use.]
2026-05-05 14:06:43.973 [http-nio-8080-exec-2] INFO  com.fedangon.authjwtapi.controller.AuthController [rid=bf34150d-f945-4b9b-9cd4-b59b2bb2b5c5 uid=] - Requisicao de cadastro recebida: email=felipe@daniel.com
2026-05-05 14:06:43.978 [http-nio-8080-exec-2] INFO  com.fedangon.authjwtapi.service.AuthService [rid=bf34150d-f945-4b9b-9cd4-b59b2bb2b5c5 uid=] - Iniciando cadastro de usuario: email=felipe@daniel.com
2026-05-05 14:06:44.077 [http-nio-8080-exec-2] INFO  com.fedangon.authjwtapi.service.UserService [rid=bf34150d-f945-4b9b-9cd4-b59b2bb2b5c5 uid=] - Usuario criado: userId=1004969c-bf59-4694-8857-48e9a3086742 email=felipe@daniel.com
2026-05-05 14:06:44.090 [http-nio-8080-exec-2] DEBUG com.fedangon.authjwtapi.security.JwtService [rid=bf34150d-f945-4b9b-9cd4-b59b2bb2b5c5 uid=] - Access token gerado: userId=1004969c-bf59-4694-8857-48e9a3086742 expiresAt=2026-05-05T17:21:43.977973Z expiresInSeconds=900
2026-05-05 14:06:44.091 [http-nio-8080-exec-2] DEBUG com.fedangon.authjwtapi.service.RefreshTokenService [rid=bf34150d-f945-4b9b-9cd4-b59b2bb2b5c5 uid=] - Refresh token emitido: userId=1004969c-bf59-4694-8857-48e9a3086742 expiresAt=2026-05-12T17:06:43.977973Z tokenHashPrefix=a3f9df5a
2026-05-05 14:06:44.091 [http-nio-8080-exec-2] INFO  com.fedangon.authjwtapi.service.AuthService [rid=bf34150d-f945-4b9b-9cd4-b59b2bb2b5c5 uid=] - Cadastro realizado com sucesso: userId=1004969c-bf59-4694-8857-48e9a3086742 email=felipe@daniel.com
2026-05-05 14:08:51.399 [http-nio-8080-exec-4] INFO  com.fedangon.authjwtapi.exception.GlobalExceptionHandler [rid=8026c969-f1c7-4f29-bc01-afac1b195100 uid=] - Corpo da requisicao invalido: JSON parse error: Unexpected character ('}' (code 125)): was expecting double-quote to start property name
2026-05-05 14:08:51.401 [http-nio-8080-exec-4] WARN  org.springframework.web.servlet.mvc.method.annotation.ExceptionHandlerExceptionResolver [rid=8026c969-f1c7-4f29-bc01-afac1b195100 uid=] - Resolved [org.springframework.http.converter.HttpMessageNotReadableException: JSON parse error: Unexpected character ('}' (code 125)): was expecting double-quote to start property name]
2026-05-05 14:12:40.080 [http-nio-8080-exec-5] INFO  com.fedangon.authjwtapi.controller.AuthController [rid=bc31127c-4f87-4d8c-9437-f167e678eb61 uid=] - Requisicao de login recebida: email=felipe@daniel.com
2026-05-05 14:12:40.239 [http-nio-8080-exec-5] DEBUG com.fedangon.authjwtapi.security.JwtService [rid=bc31127c-4f87-4d8c-9437-f167e678eb61 uid=] - Access token gerado: userId=1004969c-bf59-4694-8857-48e9a3086742 expiresAt=2026-05-05T17:27:40.082738Z expiresInSeconds=900
2026-05-05 14:12:40.239 [http-nio-8080-exec-5] DEBUG com.fedangon.authjwtapi.service.RefreshTokenService [rid=bc31127c-4f87-4d8c-9437-f167e678eb61 uid=] - Refresh token emitido: userId=1004969c-bf59-4694-8857-48e9a3086742 expiresAt=2026-05-12T17:12:40.082738Z tokenHashPrefix=8fb7a8a6
2026-05-05 14:12:40.239 [http-nio-8080-exec-5] INFO  com.fedangon.authjwtapi.service.AuthService [rid=bc31127c-4f87-4d8c-9437-f167e678eb61 uid=] - Login realizado com sucesso: userId=1004969c-bf59-4694-8857-48e9a3086742 email=felipe@daniel.com
2026-05-05 14:14:08.790 [http-nio-8080-exec-8] INFO  com.fedangon.authjwtapi.exception.GlobalExceptionHandler [rid=25eb9261-093d-4593-b8a8-8f9361a2407a uid=] - Falha de validacao: errors=2
2026-05-05 14:14:08.795 [http-nio-8080-exec-8] WARN  org.springframework.web.servlet.mvc.method.annotation.ExceptionHandlerExceptionResolver [rid=25eb9261-093d-4593-b8a8-8f9361a2407a uid=] - Resolved [org.springframework.web.bind.MethodArgumentNotValidException: Validation failed for argument [0] in public com.fedangon.authjwtapi.dto.auth.AuthResponseDto com.fedangon.authjwtapi.controller.AuthController.login(com.fedangon.authjwtapi.dto.auth.LoginRequestDto) with 2 errors: [Field error in object 'loginRequestDto' on field 'password': rejected value [null]; codes [NotBlank.loginRequestDto.password,NotBlank.password,NotBlank.java.lang.String,NotBlank]; arguments [org.springframework.context.support.DefaultMessageSourceResolvable: codes [loginRequestDto.password,password]; arguments []; default message [password]]; default message [não deve estar em branco]] [Field error in object 'loginRequestDto' on field 'email': rejected value [null]; codes [NotBlank.loginRequestDto.email,NotBlank.email,NotBlank.java.lang.String,NotBlank]; arguments [org.springframework.context.support.DefaultMessageSourceResolvable: codes [loginRequestDto.email,email]; arguments []; default message [email]]; default message [não deve estar em branco]] ]
2026-05-05 14:14:18.039 [http-nio-8080-exec-6] INFO  com.fedangon.authjwtapi.exception.GlobalExceptionHandler [rid=5ce449e4-23f7-4428-9d5b-5c70fb75659c uid=] - Falha de validacao: errors=1
2026-05-05 14:14:18.040 [http-nio-8080-exec-6] WARN  org.springframework.web.servlet.mvc.method.annotation.ExceptionHandlerExceptionResolver [rid=5ce449e4-23f7-4428-9d5b-5c70fb75659c uid=] - Resolved [org.springframework.web.bind.MethodArgumentNotValidException: Validation failed for argument [0] in public com.fedangon.authjwtapi.dto.auth.AuthResponseDto com.fedangon.authjwtapi.controller.AuthController.refresh(com.fedangon.authjwtapi.dto.auth.RefreshTokenRequestDto): [Field error in object 'refreshTokenRequestDto' on field 'refreshToken': rejected value [null]; codes [NotBlank.refreshTokenRequestDto.refreshToken,NotBlank.refreshToken,NotBlank.java.lang.String,NotBlank]; arguments [org.springframework.context.support.DefaultMessageSourceResolvable: codes [refreshTokenRequestDto.refreshToken,refreshToken]; arguments []; default message [refreshToken]]; default message [não deve estar em branco]] ]
2026-05-05 14:14:26.262 [http-nio-8080-exec-9] INFO  com.fedangon.authjwtapi.controller.AuthController [rid=63259161-b956-423a-9a25-41d8801c0e21 uid=] - Requisicao de refresh recebida
2026-05-05 14:14:26.266 [http-nio-8080-exec-9] INFO  com.fedangon.authjwtapi.service.AuthService [rid=63259161-b956-423a-9a25-41d8801c0e21 uid=] - Iniciando refresh de tokens
2026-05-05 14:14:26.295 [http-nio-8080-exec-9] INFO  com.fedangon.authjwtapi.exception.GlobalExceptionHandler [rid=63259161-b956-423a-9a25-41d8801c0e21 uid=] - Erro da API: status=401 code=invalid_refresh_token message=Invalid refresh token.
2026-05-05 14:14:26.296 [http-nio-8080-exec-9] WARN  org.springframework.web.servlet.mvc.method.annotation.ExceptionHandlerExceptionResolver [rid=63259161-b956-423a-9a25-41d8801c0e21 uid=] - Resolved [com.fedangon.authjwtapi.exception.UnauthorizedException: Invalid refresh token.]
2026-05-05 14:14:56.210 [http-nio-8080-exec-10] INFO  com.fedangon.authjwtapi.controller.AuthController [rid=256e0c97-dc57-4569-b14e-633a5c153de4 uid=] - Requisicao de refresh recebida
2026-05-05 14:14:56.212 [http-nio-8080-exec-10] INFO  com.fedangon.authjwtapi.service.AuthService [rid=256e0c97-dc57-4569-b14e-633a5c153de4 uid=] - Iniciando refresh de tokens
2026-05-05 14:14:56.223 [http-nio-8080-exec-10] INFO  com.fedangon.authjwtapi.service.RefreshTokenService [rid=256e0c97-dc57-4569-b14e-633a5c153de4 uid=] - Refresh token rotacionado: userId=1004969c-bf59-4694-8857-48e9a3086742 oldTokenHashPrefix=a3f9df5a
2026-05-05 14:14:56.224 [http-nio-8080-exec-10] DEBUG com.fedangon.authjwtapi.service.RefreshTokenService [rid=256e0c97-dc57-4569-b14e-633a5c153de4 uid=] - Refresh token emitido: userId=1004969c-bf59-4694-8857-48e9a3086742 expiresAt=2026-05-12T17:14:56.212731Z tokenHashPrefix=423ea1b8
2026-05-05 14:14:56.235 [http-nio-8080-exec-10] DEBUG com.fedangon.authjwtapi.security.JwtService [rid=256e0c97-dc57-4569-b14e-633a5c153de4 uid=] - Access token gerado: userId=1004969c-bf59-4694-8857-48e9a3086742 expiresAt=2026-05-05T17:29:56.212731Z expiresInSeconds=900
2026-05-05 14:14:56.235 [http-nio-8080-exec-10] INFO  com.fedangon.authjwtapi.service.AuthService [rid=256e0c97-dc57-4569-b14e-633a5c153de4 uid=] - Refresh realizado com sucesso: userId=1004969c-bf59-4694-8857-48e9a3086742 email=felipe@daniel.com
2026-05-05 14:15:20.346 [http-nio-8080-exec-1] INFO  com.fedangon.authjwtapi.controller.AuthController [rid=391c3a2b-9855-4500-b7e3-8990c276bd0f uid=] - Requisicao de refresh recebida
2026-05-05 14:15:20.351 [http-nio-8080-exec-1] INFO  com.fedangon.authjwtapi.service.AuthService [rid=391c3a2b-9855-4500-b7e3-8990c276bd0f uid=] - Iniciando refresh de tokens
2026-05-05 14:15:20.354 [http-nio-8080-exec-1] WARN  com.fedangon.authjwtapi.service.RefreshTokenService [rid=391c3a2b-9855-4500-b7e3-8990c276bd0f uid=] - Refresh token rejeitado: token nao esta ativo: tokenHashPrefix=a3f9df5a
2026-05-05 14:15:20.356 [http-nio-8080-exec-1] INFO  com.fedangon.authjwtapi.exception.GlobalExceptionHandler [rid=391c3a2b-9855-4500-b7e3-8990c276bd0f uid=] - Erro da API: status=401 code=invalid_refresh_token message=Invalid refresh token.
2026-05-05 14:15:20.358 [http-nio-8080-exec-1] WARN  org.springframework.web.servlet.mvc.method.annotation.ExceptionHandlerExceptionResolver [rid=391c3a2b-9855-4500-b7e3-8990c276bd0f uid=] - Resolved [com.fedangon.authjwtapi.exception.UnauthorizedException: Invalid refresh token.]
2026-05-05 14:15:30.099 [http-nio-8080-exec-2] INFO  com.fedangon.authjwtapi.controller.AuthController [rid=3f825d4c-42a1-46d6-8085-b0a2f99dcc05 uid=] - Requisicao de logout recebida
2026-05-05 14:15:30.101 [http-nio-8080-exec-2] INFO  com.fedangon.authjwtapi.service.AuthService [rid=3f825d4c-42a1-46d6-8085-b0a2f99dcc05 uid=] - Iniciando logout
2026-05-05 14:15:30.107 [http-nio-8080-exec-2] DEBUG com.fedangon.authjwtapi.service.RefreshTokenService [rid=3f825d4c-42a1-46d6-8085-b0a2f99dcc05 uid=] - Revogacao ignorada: refresh token ja estava inativo: tokenHashPrefix=a3f9df5a
2026-05-05 14:15:33.145 [http-nio-8080-exec-3] INFO  com.fedangon.authjwtapi.controller.AuthController [rid=709b02f7-ad2d-47f1-b242-d753a02d6ca9 uid=] - Requisicao de logout recebida
2026-05-05 14:15:33.147 [http-nio-8080-exec-3] INFO  com.fedangon.authjwtapi.service.AuthService [rid=709b02f7-ad2d-47f1-b242-d753a02d6ca9 uid=] - Iniciando logout
2026-05-05 14:15:33.152 [http-nio-8080-exec-3] DEBUG com.fedangon.authjwtapi.service.RefreshTokenService [rid=709b02f7-ad2d-47f1-b242-d753a02d6ca9 uid=] - Revogacao ignorada: refresh token ja estava inativo: tokenHashPrefix=a3f9df5a
2026-05-05 14:16:00.807 [http-nio-8080-exec-4] INFO  com.fedangon.authjwtapi.controller.AuthController [rid=034d80d4-d047-49fe-83bb-51ddc37cb167 uid=] - Requisicao de logout recebida
2026-05-05 14:16:00.811 [http-nio-8080-exec-4] INFO  com.fedangon.authjwtapi.service.AuthService [rid=034d80d4-d047-49fe-83bb-51ddc37cb167 uid=] - Iniciando logout
2026-05-05 14:16:00.816 [http-nio-8080-exec-4] INFO  com.fedangon.authjwtapi.service.RefreshTokenService [rid=034d80d4-d047-49fe-83bb-51ddc37cb167 uid=] - Refresh token revogado: userId=1004969c-bf59-4694-8857-48e9a3086742 tokenHashPrefix=423ea1b8
